
> datatable@0.0.0 build
> vite build

vite v7.3.0 building client environment for production...
transforming...
✓ 6573 modules transformed.
rendering chunks...
computing gzip size...
dist/index.html                   0.40 kB │ gzip:   0.27 kB
dist/assets/index-B0jIg6zs.css   32.32 kB │ gzip:   6.43 kB
dist/assets/index-BvSSkeB-.js   336.92 kB │ gzip: 101.14 kB
✓ built in 10.37s
